// Jest Snapshot v1, https://goo.gl/fbAQLP

exports[`characters component renders the characters component 1`] = `
<ul
  className="Characters"
>
  <li
    key="0"
  >
    <Character
      character={
        Object {
          "image": "./image",
          "name": "Morty Smith",
          "species": "Human",
          "status": "Alive",
        }
      }
    />
  </li>
  <li
    key="1"
  >
    <Character
      character={
        Object {
          "image": "./image",
          "name": "Summer Smith",
          "species": "Human",
          "status": "Alive",
        }
      }
    />
  </li>
</ul>
`;
