// Jest Snapshot v1, https://goo.gl/fbAQLP

exports[`paging component renders the paging component 1`] = `
<Fragment>
  undefined / undefined
</Fragment>
`;
